// Jest Snapshot v1, https://goo.gl/fbAQLP

exports[`render Todos goal: render TodoItem component 1`] = `
Object {
  "asFragment": [Function],
  "baseElement": <body>
    <div>
      <li
        class="todo_item_container"
        style="background-color: rgb(221, 214, 254);"
      >
        <header
          class="todo_item_header"
        >
          <input
            class="todo_item_checkbox"
            type="checkbox"
          />
        </header>
        <main
          class="todo_item_main"
        >
          <h3
            class="todo_item_title"
            style="text-decoration: none;"
          >
            Hello
          </h3>
          <p
            style="text-decoration: none;"
          >
            nice
          </p>
        </main>
        <div
          class="todo_item_btn"
        >
          <svg
            fill="darkslateblue"
            height="15px"
            width="15px"
          >
            edit.svg
          </svg>
          <svg
            height="15px"
            width="15px"
          >
            trash1.svg
          </svg>
        </div>
      </li>
    </div>
  </body>,
  "container": <div>
    <li
      class="todo_item_container"
      style="background-color: rgb(221, 214, 254);"
    >
      <header
        class="todo_item_header"
      >
        <input
          class="todo_item_checkbox"
          type="checkbox"
        />
      </header>
      <main
        class="todo_item_main"
      >
        <h3
          class="todo_item_title"
          style="text-decoration: none;"
        >
          Hello
        </h3>
        <p
          style="text-decoration: none;"
        >
          nice
        </p>
      </main>
      <div
        class="todo_item_btn"
      >
        <svg
          fill="darkslateblue"
          height="15px"
          width="15px"
        >
          edit.svg
        </svg>
        <svg
          height="15px"
          width="15px"
        >
          trash1.svg
        </svg>
      </div>
    </li>
  </div>,
  "debug": [Function],
  "findAllByAltText": [Function],
  "findAllByDisplayValue": [Function],
  "findAllByLabelText": [Function],
  "findAllByPlaceholderText": [Function],
  "findAllByRole": [Function],
  "findAllByTestId": [Function],
  "findAllByText": [Function],
  "findAllByTitle": [Function],
  "findByAltText": [Function],
  "findByDisplayValue": [Function],
  "findByLabelText": [Function],
  "findByPlaceholderText": [Function],
  "findByRole": [Function],
  "findByTestId": [Function],
  "findByText": [Function],
  "findByTitle": [Function],
  "getAllByAltText": [Function],
  "getAllByDisplayValue": [Function],
  "getAllByLabelText": [Function],
  "getAllByPlaceholderText": [Function],
  "getAllByRole": [Function],
  "getAllByTestId": [Function],
  "getAllByText": [Function],
  "getAllByTitle": [Function],
  "getByAltText": [Function],
  "getByDisplayValue": [Function],
  "getByLabelText": [Function],
  "getByPlaceholderText": [Function],
  "getByRole": [Function],
  "getByTestId": [Function],
  "getByText": [Function],
  "getByTitle": [Function],
  "queryAllByAltText": [Function],
  "queryAllByDisplayValue": [Function],
  "queryAllByLabelText": [Function],
  "queryAllByPlaceholderText": [Function],
  "queryAllByRole": [Function],
  "queryAllByTestId": [Function],
  "queryAllByText": [Function],
  "queryAllByTitle": [Function],
  "queryByAltText": [Function],
  "queryByDisplayValue": [Function],
  "queryByLabelText": [Function],
  "queryByPlaceholderText": [Function],
  "queryByRole": [Function],
  "queryByTestId": [Function],
  "queryByText": [Function],
  "queryByTitle": [Function],
  "rerender": [Function],
  "unmount": [Function],
}
`;
